
> 302-image-toolbox@0.1.0 dev
> next dev -p 3000

  ▲ Next.js 14.2.5
  - Local:        http://localhost:3000

 ✓ Starting...
 ✓ Ready in 3.5s
 ○ Compiling /toolbox ...
 ✓ Compiled /toolbox in 12.8s (1707 modules)
 HEAD / 200 in 16ms
 HEAD /toolbox 200 in 50ms
 GET / 200 in 53ms
 ✓ Compiled /favicon.ico in 275ms (339 modules)
 GET /favicon.ico 200 in 328ms
 ✓ Compiled /toolbox in 420ms (861 modules)
 GET / 200 in 72ms
 GET / 200 in 55ms
 ✓ Compiled /favicon.ico in 367ms (891 modules)
 GET /favicon.ico 200 in 415ms
 ✓ Compiled in 816ms (1707 modules)
 HEAD / 200 in 44ms
 HEAD /toolbox 200 in 567ms
 GET / 200 in 47ms
 ✓ Compiled /favicon.ico in 301ms (891 modules)
 GET /favicon.ico 200 in 341ms
 GET /favicon.ico 200 in 5ms
 GET /favicon.ico 200 in 5ms
 GET / 200 in 100ms
 GET /favicon.ico 200 in 8ms
 GET / 200 in 36ms
 GET /favicon.ico 200 in 4ms
 GET /favicon.ico 200 in 10ms
 GET /favicon.ico 200 in 3ms
 GET / 200 in 40ms
 GET /favicon.ico 200 in 4ms
 GET / 200 in 54ms
 GET /favicon.ico 200 in 4ms
 GET /favicon.ico 200 in 12ms
 GET /favicon.ico 200 in 7ms
 GET / 200 in 52ms
 GET /favicon.ico 200 in 4ms
 GET / 200 in 24ms
 GET /favicon.ico 200 in 4ms
 GET /favicon.ico 200 in 7ms
 GET /favicon.ico 200 in 2ms
 GET / 200 in 40ms
 GET /favicon.ico 200 in 5ms
 GET / 200 in 60ms
 GET /favicon.ico 200 in 4ms
 GET /favicon.ico 200 in 23ms
 GET /favicon.ico 200 in 3ms
 GET / 200 in 41ms
 GET /favicon.ico 200 in 3ms
 GET / 200 in 28ms
 GET /favicon.ico 200 in 69ms
 GET /favicon.ico 200 in 3ms
 GET /favicon.ico 200 in 3ms
 GET / 200 in 44ms
 GET /favicon.ico 200 in 4ms
 ✓ Compiled in 914ms (1707 modules)
 HEAD / 200 in 54ms
 GET / 200 in 69ms
 ✓ Compiled /favicon.ico in 380ms (891 modules)
 GET /favicon.ico 200 in 421ms
 GET /favicon.ico 200 in 3ms
 GET /favicon.ico 200 in 3ms
 GET / 200 in 77ms
 GET /favicon.ico 200 in 4ms
 ✓ Compiled in 385ms (846 modules)
 ✓ Compiled in 205ms (846 modules)
 ✓ Compiled in 768ms (1738 modules)
 HEAD / 200 in 64ms
 GET / 200 in 44ms
 ✓ Compiled /favicon.ico in 162ms (901 modules)
 GET /favicon.ico 200 in 191ms
 GET / 200 in 81ms
 GET /favicon.ico 200 in 4ms
 GET / 200 in 47ms
 GET /favicon.ico 200 in 4ms
 ✓ Compiled in 816ms (1738 modules)
 HEAD / 200 in 83ms
 ○ Compiling /_not-found ...
 ✓ Compiled /_not-found in 673ms (1727 modules)
 GET /.well-known/appspecific/com.chrome.devtools.json 404 in 751ms
 GET / 200 in 81ms
 GET /.well-known/appspecific/com.chrome.devtools.json 404 in 13ms
 ✓ Compiled /favicon.ico in 177ms (902 modules)
 GET /favicon.ico 200 in 216ms
 GET / 200 in 84ms
 GET /.well-known/appspecific/com.chrome.devtools.json 404 in 13ms
 GET /favicon.ico 200 in 4ms
 ✓ Compiled in 926ms (1738 modules)
 HEAD / 200 in 72ms
 ✓ Compiled in 770ms (1738 modules)
 HEAD / 200 in 62ms
 GET / 200 in 44ms
 ✓ Compiled /favicon.ico in 358ms (901 modules)
 GET /favicon.ico 200 in 403ms
 ✓ Compiled in 855ms (1738 modules)
 HEAD / 200 in 84ms
 ✓ Compiled in 813ms (1738 modules)
 HEAD / 200 in 38ms
 ✓ Compiled in 854ms (1738 modules)
 HEAD / 200 in 64ms
 ✓ Compiled in 810ms (1738 modules)
 HEAD / 200 in 51ms
 ✓ Compiled in 772ms (1738 modules)
 HEAD / 200 in 51ms
 ✓ Compiled in 889ms (1738 modules)
 HEAD / 200 in 26ms
 ✓ Compiled in 796ms (1738 modules)
 HEAD / 200 in 46ms
 ✓ Compiled in 876ms (1738 modules)
 HEAD / 200 in 39ms
 ✓ Compiled in 745ms (1738 modules)
 HEAD / 200 in 59ms
 GET / 200 in 63ms
 ✓ Compiled /favicon.ico in 445ms (901 modules)
 GET /favicon.ico 200 in 489ms
 GET / 200 in 90ms
 GET /favicon.ico 200 in 4ms
 ✓ Compiled in 772ms (1768 modules)
 GET / 200 in 75ms
 GET /favicon.ico 200 in 6ms
 GET / 200 in 66ms
 GET /favicon.ico 200 in 3ms
 HEAD / 200 in 54ms
 GET / 200 in 68ms
 GET /favicon.ico 200 in 8ms
 GET / 200 in 50ms
 GET /favicon.ico 200 in 3ms
 GET / 200 in 72ms
 GET /favicon.ico 200 in 3ms
