
> 302-image-toolbox@0.1.0 dev
> next dev -p 3000

  ▲ Next.js 14.2.5
  - Local:        http://localhost:3000

 ✓ Starting...
 ✓ Ready in 3.7s
 ○ Compiling / ...
 ✓ Compiled / in 4.7s (1661 modules)
 GET / 200 in 5074ms
 ✓ Compiled in 563ms (824 modules)
 GET / 200 in 37ms
 ✓ Compiled in 1072ms (1659 modules)
 GET / 200 in 546ms
 GET / 200 in 42ms
 ✓ Compiled /favicon.ico in 307ms (866 modules)
 GET /favicon.ico 200 in 354ms
 ✓ Compiled in 759ms (1659 modules)
 GET / 200 in 533ms
 GET / 200 in 43ms
 ✓ Compiled /favicon.ico in 207ms (866 modules)
 GET /favicon.ico 200 in 273ms
 ✓ Compiled in 719ms (1659 modules)
 ✓ Compiled in 1250ms (1659 modules)
 ✓ Compiled in 548ms (1659 modules)
 GET / 200 in 508ms
 GET / 200 in 56ms
 ✓ Compiled /favicon.ico in 410ms (866 modules)
 GET /favicon.ico 200 in 467ms
 ✓ Compiled in 1517ms (1659 modules)
 GET / 200 in 638ms
 ✓ Compiled /favicon.ico in 182ms (866 modules)
 GET /favicon.ico 200 in 222ms
 ✓ Compiled in 583ms (1689 modules)
 GET / 200 in 205ms
 GET /favicon.ico 200 in 5ms
 ✓ Compiled in 183ms (823 modules)
 ✓ Compiled in 523ms (1689 modules)
 ✓ Compiled in 681ms (1661 modules)
 GET / 200 in 529ms
 GET / 200 in 42ms
 ✓ Compiled /favicon.ico in 182ms (867 modules)
 GET /favicon.ico 200 in 223ms
 ✓ Compiled in 819ms (1661 modules)
 ✓ Compiled in 1450ms (1661 modules)
 GET / 200 in 560ms
 GET / 200 in 33ms
 ✓ Compiled /favicon.ico in 343ms (867 modules)
 GET /favicon.ico 200 in 406ms
 ✓ Compiled in 688ms (1661 modules)
 ✓ Compiled in 528ms (1661 modules)
 ✓ Compiled in 376ms (1661 modules)
 GET / 200 in 545ms
 GET / 200 in 28ms
 ✓ Compiled /favicon.ico in 170ms (867 modules)
 GET /favicon.ico 200 in 214ms
 ✓ Compiled in 1404ms (1661 modules)
 GET / 200 in 551ms
 ✓ Compiled /favicon.ico in 172ms (867 modules)
 GET /favicon.ico 200 in 224ms
 ✓ Compiled in 531ms (1691 modules)
 ✓ Compiled in 700ms (1691 modules)
 ✓ Compiled in 550ms (1691 modules)
 ✓ Compiled in 447ms (1691 modules)
 GET / 200 in 549ms
 GET / 200 in 37ms
 GET /favicon.ico 200 in 13ms
 ✓ Compiled in 689ms (1661 modules)
 ✓ Compiled in 643ms (1661 modules)
 ✓ Compiled in 1103ms (1661 modules)
 ✓ Compiled in 789ms (1647 modules)
 ✓ Compiled in 296ms (1647 modules)
 GET / 200 in 554ms
 GET / 200 in 36ms
 ✓ Compiled /favicon.ico in 309ms (867 modules)
 GET /favicon.ico 200 in 360ms
[?25h
