(node:27500) Warning: `--localstorage-file` was provided without a valid path
(Use `node --trace-warnings ...` to show where the warning was created)
 ⨯ ./src/components/upload-zone.tsx
Error: Failed to read source code from D:\workspace\web\PixWasm\web\src\components\upload-zone.tsx

Caused by:
    stream did not contain valid UTF-8

Import trace for requested module:
./src/components/upload-zone.tsx
./src/components/image-compress.tsx
./src/app/_component/edit.tsx
./src/app/page.tsx
 ⨯ ./src/components/upload-zone.tsx
Error: Failed to read source code from D:\workspace\web\PixWasm\web\src\components\upload-zone.tsx

Caused by:
    stream did not contain valid UTF-8

Import trace for requested module:
./src/components/upload-zone.tsx
./src/components/image-compress.tsx
./src/app/_component/edit.tsx
./src/app/page.tsx
 ⚠ Fast Refresh had to perform a full reload due to a runtime error.
 ⚠ Fast Refresh had to perform a full reload due to a runtime error.
